[backblue.gif]
[fade.gif]
[index.html]
[raw.githubusercontent.com/reski-mulud-muchamad/reski-mulud-muchamad/main/imgimg.png]
[reskimulud.my.id/favicon.ico]
[reskimulud.my.id/assets/img/about-pic.png]
[reskimulud.my.id/cv.pdf]
[reskimulud.my.id/assets/img/portfolio/thumb/project-1.png]
[reskimulud.my.id/assets/img/portfolio/thumb/project-2.png]
[reskimulud.my.id/assets/img/portfolio/thumb/project-3.png]
[reskimulud.my.id/assets/img/portfolio/thumb/project-4.png]
[reskimulud.my.id/assets/img/portfolio/large/project-4/1.png]
[reskimulud.my.id/assets/img/portfolio/thumb/project-5.png]
[reskimulud.my.id/assets/img/portfolio/large/project-5/1.png]
[reskimulud.my.id/assets/img/portfolio/thumb/project-6.png]
[reskimulud.my.id/assets/img/portfolio/thumb/project-7.png]
[reskimulud.my.id/assets/img/portfolio/thumb/project-8.png]
[reskimulud.my.id/assets/img/testimonial/1.png]
[reskimulud.my.id/assets/img/portfolio/large/project-1/1.png]
[reskimulud.my.id/assets/img/preloader.gif]
[reskimulud.my.id/assets/js/main.js]
[reskimulud.my.id/assets/js/style-switcher.js]
[reskimulud.my.id/index.html]
[reskimulud.my.id/assets/webfonts/fa-brands-400.eot]
[reskimulud.my.id/assets/webfonts/fa-brands-400d41d.eot]
[reskimulud.my.id/assets/webfonts/fa-brands-400.woff2]
[reskimulud.my.id/assets/webfonts/fa-brands-400.woff]
[reskimulud.my.id/assets/webfonts/fa-brands-400.ttf]
[reskimulud.my.id/assets/webfonts/fa-regular-400.eot]
[reskimulud.my.id/assets/webfonts/fa-regular-400d41d.eot]
[reskimulud.my.id/assets/webfonts/fa-regular-400.woff2]
[reskimulud.my.id/assets/webfonts/fa-regular-400.woff]
[reskimulud.my.id/assets/webfonts/fa-regular-400.ttf]
[reskimulud.my.id/assets/webfonts/fa-solid-900.eot]
[reskimulud.my.id/assets/webfonts/fa-solid-900d41d.eot]
[reskimulud.my.id/assets/webfonts/fa-solid-900.woff2]
[reskimulud.my.id/assets/webfonts/fa-solid-900.woff]
[reskimulud.my.id/assets/webfonts/fa-solid-900.ttf]
[reskimulud.my.id/assets/css/font-awesome.css]
[reskimulud.my.id/assets/css/style.css]
[reskimulud.my.id/assets/css/responsive.css]
[reskimulud.my.id/assets/css/skins/color-1.css]
[reskimulud.my.id/assets/css/skins/color-2.css]
[reskimulud.my.id/assets/css/skins/color-3.css]
[reskimulud.my.id/assets/css/skins/color-4.css]
[reskimulud.my.id/assets/css/skins/color-5.css]
[reskimulud.my.id/assets/css/style-switcher.css]
[reskimulud.my.id/assets/webfonts/fa-brands-400.svg]
[reskimulud.my.id/assets/webfonts/fa-regular-400.svg]
[reskimulud.my.id/assets/webfonts/fa-solid-900.svg]
